=== process 1 start 1786233346.259091822 ===
loading sdxl ...
  sdxl: released 1.53 GB of text encoder
loading cogvideox-2b ...
  cogvideox-2b: released 10.75 GB of text encoder
  resident 8.98 GB
warming widths [16, 32] for both models ...
  solo sdxl          16u:    153.1 ms
  solo sdxl          32u:    109.6 ms
  solo cogvideox-2b  16u:    792.3 ms
  solo cogvideox-2b  32u:    510.2 ms
co-run sdxl@16 + cogvideox-2b@16 [episode 1] ...
    sdxl          co-run    970.4 ms  ext  6.337  partitioning  -77.4%
    cogvideox-2b  co-run    832.5 ms  ext  1.051  partitioning  +22.6%
co-run sdxl@16 + cogvideox-2b@16 [episode 2] ...
    sdxl          co-run    951.3 ms  ext  6.212  partitioning  -77.0%
    cogvideox-2b  co-run    836.9 ms  ext  1.056  partitioning  +21.9%
co-run sdxl@16 + cogvideox-2b@16 [episode 3] ...
    sdxl          co-run    156.0 ms  ext  1.019  partitioning  +40.5%
    cogvideox-2b  co-run    834.9 ms  ext  1.054  partitioning  +22.2%
co-run sdxl@16 + cogvideox-2b@16 [episode 4] ...
    sdxl          co-run    156.2 ms  ext  1.020  partitioning  +40.4%
    cogvideox-2b  co-run    835.4 ms  ext  1.054  partitioning  +22.2%
co-run sdxl@16 + cogvideox-2b@16 [episode 5] ...
    sdxl          co-run    156.0 ms  ext  1.019  partitioning  +40.5%
    cogvideox-2b  co-run    834.9 ms  ext  1.054  partitioning  +22.2%
sdxl          16u  co-run    156.0 ms   solo@quota    153.1 ms   ext 1.019   rotating-equivalent    219.2 ms   partitioning  +40.5%
cogvideox-2b  16u  co-run    834.9 ms   solo@quota    792.3 ms   ext 1.054   rotating-equivalent   1020.4 ms   partitioning  +22.2%
-> experiments/runs/amd_runtime/mismatched_p1_20260808.json
=== process 2 start 1786233479.406750832 ===
loading sdxl ...
  sdxl: released 1.53 GB of text encoder
loading cogvideox-2b ...
  cogvideox-2b: released 10.75 GB of text encoder
  resident 8.98 GB
warming widths [16, 32] for both models ...
  solo sdxl          16u:    155.6 ms
  solo sdxl          32u:    110.9 ms
  solo cogvideox-2b  16u:    795.8 ms
  solo cogvideox-2b  32u:    511.2 ms
co-run sdxl@16 + cogvideox-2b@16 [episode 1] ...
    sdxl          co-run    985.1 ms  ext  6.332  partitioning  -77.5%
    cogvideox-2b  co-run    831.7 ms  ext  1.045  partitioning  +22.9%
co-run sdxl@16 + cogvideox-2b@16 [episode 2] ...
    sdxl          co-run    950.9 ms  ext  6.113  partitioning  -76.7%
    cogvideox-2b  co-run    834.0 ms  ext  1.048  partitioning  +22.6%
co-run sdxl@16 + cogvideox-2b@16 [episode 3] ...
    sdxl          co-run    155.8 ms  ext  1.002  partitioning  +42.3%
    cogvideox-2b  co-run    835.4 ms  ext  1.050  partitioning  +22.4%
co-run sdxl@16 + cogvideox-2b@16 [episode 4] ...
    sdxl          co-run    156.0 ms  ext  1.003  partitioning  +42.2%
    cogvideox-2b  co-run    836.3 ms  ext  1.051  partitioning  +22.2%
co-run sdxl@16 + cogvideox-2b@16 [episode 5] ...
    sdxl          co-run    156.3 ms  ext  1.005  partitioning  +41.9%
    cogvideox-2b  co-run    836.7 ms  ext  1.051  partitioning  +22.2%
sdxl          16u  co-run    156.3 ms   solo@quota    155.6 ms   ext 1.005   rotating-equivalent    221.8 ms   partitioning  +41.9%
cogvideox-2b  16u  co-run    836.7 ms   solo@quota    795.8 ms   ext 1.051   rotating-equivalent   1022.4 ms   partitioning  +22.2%
-> experiments/runs/amd_runtime/mismatched_p2_20260808.json
=== process 3 start 1786233612.539131734 ===
loading sdxl ...
  sdxl: released 1.53 GB of text encoder
loading cogvideox-2b ...
  cogvideox-2b: released 10.75 GB of text encoder
  resident 8.98 GB
warming widths [16, 32] for both models ...
  solo sdxl          16u:    155.0 ms
  solo sdxl          32u:    111.0 ms
  solo cogvideox-2b  16u:    796.6 ms
  solo cogvideox-2b  32u:    511.2 ms
co-run sdxl@16 + cogvideox-2b@16 [episode 1] ...
    sdxl          co-run    969.4 ms  ext  6.252  partitioning  -77.1%
    cogvideox-2b  co-run    831.2 ms  ext  1.043  partitioning  +23.0%
co-run sdxl@16 + cogvideox-2b@16 [episode 2] ...
    sdxl          co-run    953.7 ms  ext  6.151  partitioning  -76.7%
    cogvideox-2b  co-run    834.8 ms  ext  1.048  partitioning  +22.5%
co-run sdxl@16 + cogvideox-2b@16 [episode 3] ...
    sdxl          co-run    155.8 ms  ext  1.005  partitioning  +42.5%
    cogvideox-2b  co-run    835.8 ms  ext  1.049  partitioning  +22.3%
co-run sdxl@16 + cogvideox-2b@16 [episode 4] ...
    sdxl          co-run    156.0 ms  ext  1.006  partitioning  +42.2%
    cogvideox-2b  co-run    835.5 ms  ext  1.049  partitioning  +22.4%
co-run sdxl@16 + cogvideox-2b@16 [episode 5] ...
    sdxl          co-run    156.2 ms  ext  1.007  partitioning  +42.1%
    cogvideox-2b  co-run    836.8 ms  ext  1.050  partitioning  +22.2%
sdxl          16u  co-run    156.2 ms   solo@quota    155.0 ms   ext 1.007   rotating-equivalent    221.9 ms   partitioning  +42.1%
cogvideox-2b  16u  co-run    836.8 ms   solo@quota    796.6 ms   ext 1.050   rotating-equivalent   1022.5 ms   partitioning  +22.2%
-> experiments/runs/amd_runtime/mismatched_p3_20260808.json
=== process 4 start 1786233745.860011194 ===
loading sdxl ...
  sdxl: released 1.53 GB of text encoder
loading cogvideox-2b ...
  cogvideox-2b: released 10.75 GB of text encoder
  resident 8.98 GB
warming widths [16, 32] for both models ...
  solo sdxl          16u:    155.0 ms
  solo sdxl          32u:    111.0 ms
  solo cogvideox-2b  16u:    796.1 ms
  solo cogvideox-2b  32u:    512.2 ms
co-run sdxl@16 + cogvideox-2b@16 [episode 1] ...
    sdxl          co-run    964.3 ms  ext  6.222  partitioning  -77.0%
    cogvideox-2b  co-run    833.2 ms  ext  1.047  partitioning  +22.9%
co-run sdxl@16 + cogvideox-2b@16 [episode 2] ...
    sdxl          co-run    947.2 ms  ext  6.112  partitioning  -76.6%
    cogvideox-2b  co-run    836.2 ms  ext  1.050  partitioning  +22.5%
co-run sdxl@16 + cogvideox-2b@16 [episode 3] ...
    sdxl          co-run    156.2 ms  ext  1.008  partitioning  +42.2%
    cogvideox-2b  co-run    835.2 ms  ext  1.049  partitioning  +22.6%
co-run sdxl@16 + cogvideox-2b@16 [episode 4] ...
    sdxl          co-run    156.3 ms  ext  1.008  partitioning  +42.1%
    cogvideox-2b  co-run    835.4 ms  ext  1.049  partitioning  +22.6%
co-run sdxl@16 + cogvideox-2b@16 [episode 5] ...
    sdxl          co-run    156.4 ms  ext  1.009  partitioning  +42.0%
    cogvideox-2b  co-run    836.6 ms  ext  1.051  partitioning  +22.4%
sdxl          16u  co-run    156.4 ms   solo@quota    155.0 ms   ext 1.009   rotating-equivalent    222.1 ms   partitioning  +42.0%
cogvideox-2b  16u  co-run    836.6 ms   solo@quota    796.1 ms   ext 1.051   rotating-equivalent   1024.3 ms   partitioning  +22.4%
-> experiments/runs/amd_runtime/mismatched_p4_20260808.json
=== all done ===
